exports[`test FormButton 1`] = `
<View
  style={
    Object {
      "marginLeft": 10,
      "marginRight": 10,
    }
  }>
  <Button
    isDisabled={false}
    onPress={[Function]}
    style={
      Object {
        "backgroundColor": "#2f6384",
        "borderColor": "#2f6384",
      }
    }
    textStyle={
      Object {
        "fontSize": 18,
      }
    }>
    TestString
  </Button>
</View>
`;
